// Jest Snapshot v1, https://goo.gl/fbAQLP

exports[`<App /> should render and match the snapshot 1`] = `
<div
  className="App"
>
  <Switch>
    <Route
      component={
        Object {
          "$$typeof": Symbol(react.memo),
          "WrappedComponent": [Function],
          "compare": null,
          "displayName": "Connect(Login)",
          "type": [Function],
        }
      }
      exact={true}
      path="/login"
    />
    <Memo(Connect(PrivateRoute))
      component={
        Object {
          "$$typeof": Symbol(react.memo),
          "WrappedComponent": [Function],
          "compare": null,
          "displayName": "Connect(Projects)",
          "type": [Function],
        }
      }
      path="/projects"
    />
    <Memo(Connect(PrivateRoute))
      component={
        Object {
          "$$typeof": Symbol(react.memo),
          "WrappedComponent": [Function],
          "compare": null,
          "displayName": "Connect(Project)",
          "type": [Function],
        }
      }
      path="/project/:id"
    />
    <Memo(Connect(PrivateRoute))
      component={[Function]}
      path="/user/:id"
    />
    <Memo(Connect(PrivateRoute))
      component={[Function]}
      path="/add-user"
    />
    <Redirect
      exact={true}
      from="/"
      to="/projects"
    />
  </Switch>
</div>
`;
